{
  "$schema": "http://json-schema.org/schema#",
  "type": "object",
  "properties": {
    "parent_id": {
      "type": "string"
    },
    "name": {
      "type": "string"
    },
    "filters": {
      "type": "array",
      "items": {
        "type": "object",
        "properties": {
          "name": {
            "type": "string"
          },
          "field_name": {
            "type": "string"
          },
          "filter_type": {
            "type": "string"
          },
          "list_values": {
            "anyOf": [
              {
                "type": "null"
              },
              {
                "type": "object",
                "properties": {
                  "all": {
                    "type": "array",
                    "items": {
                      "type": "string"
                    }
                  },
                  "actual": {
                    "type": "null"
                  }
                },
                "required": [
                  "actual",
                  "all"
                ]
              }
            ]
          },
          "range_min_val": {
            "type": [
              "null",
              "string"
            ]
          },
          "range_max_val": {
            "type": [
              "null",
              "string"
            ]
          }
        },
        "required": [
          "field_name",
          "filter_type",
          "list_values",
          "name",
          "range_max_val",
          "range_min_val"
        ]
      }
    },
    "products": {
      "type": "array",
      "items": {
        "type": "object",
        "properties": {
          "plu": {
            "type": "integer"
          },
          "name": {
            "type": "string"
          },
          "image_links": {
            "type": "object",
            "properties": {
              "small": {
                "type": "array",
                "items": {
                  "type": "string",
                  "format": "uri"
                }
              },
              "normal": {
                "type": "array",
                "items": {
                  "type": "string",
                  "format": "uri"
                }
              }
            },
            "required": [
              "normal",
              "small"
            ]
          },
          "uom": {
            "type": "string"
          },
          "step": {
            "type": "string"
          },
          "rating": {
            "type": "object",
            "properties": {
              "rating_average": {
                "type": "number"
              },
              "rates_count": {
                "type": "integer"
              }
            },
            "required": [
              "rates_count",
              "rating_average"
            ]
          },
          "promo": {
            "type": "null"
          },
          "prices": {
            "type": "object",
            "properties": {
              "regular": {
                "type": "string"
              },
              "discount": {
                "type": "string"
              },
              "cpd_promo_price": {
                "type": "null"
              }
            },
            "required": [
              "cpd_promo_price",
              "discount",
              "regular"
            ]
          },
          "labels": {
            "type": "array",
            "items": {
              "type": "object",
              "properties": {
                "label": {
                  "type": "string"
                },
                "bg_color": {
                  "type": "string"
                },
                "text_color": {
                  "type": "string"
                }
              },
              "required": [
                "bg_color",
                "label",
                "text_color"
              ]
            }
          },
          "property_clarification": {
            "type": "string"
          },
          "has_age_restriction": {
            "type": "boolean"
          },
          "stock_limit": {
            "type": "string"
          },
          "badges": {
            "type": "array"
          },
          "initial_weight_step": {
            "type": "string"
          },
          "min_weight": {
            "type": "string"
          }
        },
        "required": [
          "badges",
          "has_age_restriction",
          "image_links",
          "initial_weight_step",
          "labels",
          "min_weight",
          "name",
          "plu",
          "prices",
          "promo",
          "property_clarification",
          "rating",
          "step",
          "stock_limit",
          "uom"
        ]
      }
    }
  },
  "required": [
    "filters",
    "name",
    "parent_id",
    "products"
  ]
}